INFO     <13>             ui/__init__.py => [ui/_args.py, ui/_configdb.py, ui/_main.py]
INFO     <13>        ui/_filedelivery.py => [__init__.py, ui/_httprequesthandler.py]
INFO     <13>        ui/_pagecampaign.py => [__init__.py, ui/_httprequesthandler.py]
INFO     <13>       ui/_pagecampaigns.py => [__init__.py, ui/_httprequesthandler.py]
INFO     <13>          ui/_pageconfig.py => [__init__.py, ui/_httprequesthandler.py]
INFO     <13>            ui/_pagehome.py => [ui/_httprequesthandler.py]
INFO     <13>            ui/_pagereqs.py => [__init__.py, ui/_httprequesthandler.py]
INFO     <13>        ui/_pagereqsdown.py => [__init__.py, ui/_httprequesthandler.py]
INFO     <13>          ui/_pagereqsup.py => [__init__.py, ui/_httprequesthandler.py]
INFO     <13>        ui/_pagescenario.py => [__init__.py, ui/_httprequesthandler.py]
INFO     <13>       ui/_pagescenarios.py => [__init__.py, ui/_httprequesthandler.py]
INFO     <12>                ui/_args.py => [__init__.py]
INFO     <12>            ui/_configdb.py => [__init__.py]
INFO     <12>        ui/_debugclasses.py => [__init__.py]
INFO     <12>             ui/_htmldoc.py => [__init__.py]
INFO     <12>         ui/_httprequest.py => [__init__.py]
INFO     <12>  ui/_httprequesthandler.py => [__init__.py]
INFO     <12>          ui/_httpserver.py => [__init__.py]
INFO     <12>                ui/_main.py => [__init__.py]
INFO     <12>               ui/_reqbl.py => [__init__.py]
INFO     <11>                __init__.py => [_actionresultdefinition.py, _actionresultexecution.py, _args.py,
INFO                                         _assertionhelpers.py, _assertions.py, _campaignargs.py, _campaigndb.py,
INFO                                         _campaignexecution.py, _campaignreport.py, _campaignrunner.py, _configdb.py,
INFO                                         _confignode.py, _consoleutils.py, _datetimeutils.py, _debugutils.py, _enumutils.py,
INFO                                         _errcodes.py, _executionstatus.py, _handlers.py, _issuelevels.py, _knownissues.py,
INFO                                         _locations.py, _logextradata.py, _logger.py, _loggermain.py, _loggingcontext.py,
INFO                                         _loggingservice.py, _path.py, _pkginfo.py, _req.py, _reqbl.py, _reqblobj.py,
INFO                                         _reqdb.py, _reqlink.py, _reqmgt.py, _reqmgtargs.py, _reqref.py,
INFO                                         _reqtraceability.py, _reqverifier.py, _scenarioargs.py, _scenarioattributes.py,
INFO                                         _scenarioconfig.py, _scenariodefinition.py, _scenarioevents.py,
INFO                                         _scenarioexecution.py, _scenarioreport.py, _scenariorunner.py, _scenariostack.py,
INFO                                         _stats.py, _stepdefinition.py, _stepexecution.py, _stepsection.py,
INFO                                         _stepspecifications.py, _subprocess.py, _testerrors.py, _timezoneutils.py]
INFO     <10>         _campaignrunner.py => [_campaignargs.py, _datetimeutils.py, _debugclasses.py, _errcodes.py, _fastpath.py,
INFO                                         _logger.py, _reqblobj.py, _scenariodefinition.py, _scenarioevents.py,
INFO                                         _scenarioexecution.py, _testerrors.py]
INFO     <10>                  _reqbl.py => [_debugclasses.py, _fastpath.py, _logger.py, _scenariodefinition.py]
INFO     <10>        _reqtraceability.py => [_debugclasses.py, _fastpath.py, _logger.py, _reqblobj.py, _reqref.py,
INFO                                         _reqverifier.py, _scenariodefinition.py, _stepdefinition.py]
INFO     <10>         _scenarioreport.py => [_actionresultdefinition.py, _actionresultexecution.py, _debugclasses.py,
INFO                                         _debugutils.py, _enumutils.py, _fastpath.py, _locations.py, _logger.py, _path.py,
INFO                                         _scenariodefinition.py, _scenarioexecution.py, _stats.py, _stepdefinition.py,
INFO                                         _stepexecution.py, _testerrors.py]
INFO     <10>         _scenariorunner.py => [_actionresultdefinition.py, _actionresultexecution.py, _debugclasses.py,
INFO                                         _enumutils.py, _errcodes.py, _fastpath.py, _knownissues.py, _logextradata.py,
INFO                                         _logger.py, _reqblobj.py, _scenarioargs.py, _scenariodefinition.py,
INFO                                         _scenarioevents.py, _scenarioexecution.py, _stepdefinition.py, _stepexecution.py,
INFO                                         _stepspecifications.py, _testerrors.py, _textutils.py]
INFO     <10>          _scenariostack.py => [_debugclasses.py, _logextradata.py, _logger.py, _scenariodefinition.py,
INFO                                         _scenarioexecution.py]
INFO     <10>            _stepsection.py => [_stepdefinition.py]
INFO     <09>         _campaignreport.py => [_datetimeutils.py, _debugclasses.py, _debugutils.py, _enumutils.py,
INFO                                         _executionstatus.py, _fastpath.py, _knownissues.py, _locations.py, _logger.py,
INFO                                         _path.py, _scenarioexecution.py, _testerrors.py]
INFO     <09>     _scenariodefinition.py => [_assertions.py, _enumutils.py, _fastpath.py, _locations.py, _logger.py, _path.py,
INFO                                         _reqverifier.py, _scenariodefinitionmeta.py, _stepspecifications.py,
INFO                                         _stepuserapi.py, _textutils.py]
INFO     <09>         _stepdefinition.py => [_assertions.py, _fastpath.py, _locations.py, _logger.py, _reqverifier.py,
INFO                                         _stepuserapi.py]
INFO     <08>      _scenarioexecution.py => [_executionstatus.py, _fastpath.py, _knownissues.py, _stats.py]
INFO     <08>        _scenariologging.py => [_datetimeutils.py, _enumutils.py, _fastpath.py, _knownissues.py, _testerrors.py]
INFO     <08>            _stepuserapi.py => [_fastpath.py, _knownissues.py, _logger.py, _textutils.py]
INFO     <07>           _campaignargs.py => [_args.py, _enumutils.py, _fastpath.py, _path.py, _scenarioargs.py]
INFO     <07>            _knownissues.py => [_fastpath.py, _issuelevels.py, _locations.py, _testerrors.py]
INFO     <07>        _scenarioresults.py => [_datetimeutils.py, _debugclasses.py, _debugutils.py, _fastpath.py, _logger.py,
INFO                                         _stats.py, _testerrors.py]
INFO     <06>             _reqmgtargs.py => [_args.py, _fastpath.py, _path.py]
INFO     <06>           _scenarioargs.py => [_args.py, _fastpath.py, _issuelevels.py, _path.py]
INFO     <06>             _testerrors.py => [_fastpath.py, _locations.py, _path.py]
INFO     <05>                   _args.py => [_configargs.py, _debugclasses.py, _errcodes.py, _fastpath.py, _logger.py,
INFO                                         _loggingargs.py, _path.py]
INFO     <05>             _campaigndb.py => [_debugclasses.py, _fastpath.py, _logger.py]
INFO     <05>               _configdb.py => [_confignode.py, _debugclasses.py, _enumutils.py, _logger.py, _path.py]
INFO     <05>               _handlers.py => [_debugclasses.py, _enumutils.py, _fastpath.py, _logger.py]
INFO     <05>              _locations.py => [_debugclasses.py, _fastpath.py, _logger.py, _path.py]
INFO     <05>           _logformatter.py => [_consoleutils.py, _datetimeutils.py, _fastpath.py, _logextradata.py, _logger.py,
INFO                                         _loghandler.py]
INFO     <05>             _loggermain.py => [_logextradata.py, _logfilters.py, _logger.py, _loghandler.py]
INFO     <05>             _reflection.py => [_debugclasses.py, _fastpath.py, _logger.py]
INFO     <05>                  _reqdb.py => [_debugclasses.py, _fastpath.py, _logger.py, _req.py, _reqlink.py, _reqref.py,
INFO                                         _reqverifier.py]
INFO     <05>                 _reqmgt.py => [_debugclasses.py, _errcodes.py, _fastpath.py, _logger.py, _reqblobj.py]
INFO     <05>         _scenarioconfig.py => [_consoleutils.py, _debugclasses.py, _enumutils.py, _fastpath.py, _issuelevels.py,
INFO                                         _logger.py, _path.py]
INFO     <05>          _testsuitefile.py => [_debugclasses.py, _errcodes.py, _fastpath.py, _logger.py, _path.py,
INFO                                         _textfileutils.py]
INFO     <04>  _actionresultexecution.py => [_fastpath.py, _stats.py]
INFO     <04>             _assertions.py => [_assertionhelpers.py, _datetimeutils.py, _debugutils.py, _fastpath.py, _path.py,
INFO                                         _stats.py, _stepspecifications.py]
INFO     <04>      _campaignexecution.py => [_executionstatus.py, _fastpath.py, _path.py, _reqblobj.py, _stats.py]
INFO     <04>                 _logger.py => [_enumutils.py, _fastpath.py, _logextradata.py, _logfilters.py, _loggingcontext.py]
INFO     <04>         _loggingservice.py => [_fastpath.py, _logfilters.py, _loghandler.py]
INFO     <04>          _stepexecution.py => [_executionstatus.py, _fastpath.py, _stats.py]
INFO     <04>             _subprocess.py => [_debugutils.py, _errcodes.py, _fastpath.py, _path.py, _stats.py]
INFO     <03>        _campaignlogging.py => [_datetimeutils.py, _enumutils.py, _executionstatus.py, _fastpath.py,
INFO                                         _logextradata.py]
INFO     <03>             _configargs.py => [_path.py]
INFO     <03>             _confignode.py => [_configkey.py, _debugutils.py, _enumutils.py, _fastpath.py, _path.py]
INFO     <03>          _jsondictutils.py => [_debugutils.py, _path.py, _textfileutils.py]
INFO     <03>             _logfilters.py => [_fastpath.py, _logextradata.py, _loghandler.py]
INFO     <03>              _perfutils.py => [_datetimeutils.py, _debugutils.py, _fastpath.py]
INFO     <03>                  _stats.py => [_datetimeutils.py, _fastpath.py]
INFO     <03>               _xmlutils.py => [_path.py]
INFO     <02> _actionresultdefinition.py => [_enumutils.py, _textutils.py]
INFO     <02>       _assertionhelpers.py => [_debugutils.py, _fastpath.py]
INFO     <02>              _configini.py => [_configkey.py, _debugutils.py, _fastpath.py, _textfileutils.py]
INFO     <02>         _configjsondict.py => [_debugutils.py, _fastpath.py]
INFO     <02>          _datetimeutils.py => [_fastpath.py, _timezoneutils.py]
INFO     <02>           _debugclasses.py => [_enumutils.py]
INFO     <02>               _errcodes.py => [_fastpath.py]
INFO     <02>        _executionstatus.py => [_enumutils.py]
INFO     <02>            _issuelevels.py => [_fastpath.py]
INFO     <02>           _logextradata.py => [_enumutils.py]
INFO     <02>                   _path.py => [_fastpath.py]
INFO     <02>                    _req.py => [_fastpath.py, _reqblobj.py, _setutils.py, _textutils.py]
INFO     <02>                _reqlink.py => [_fastpath.py, _reqblobj.py, _setutils.py, _textutils.py]
INFO     <02>                 _reqref.py => [_fastpath.py, _reqblobj.py, _setutils.py]
INFO     <02>            _reqverifier.py => [_fastpath.py, _reqblobj.py, _setutils.py]
INFO     <02>     _scenarioattributes.py => [_enumutils.py]
INFO     <02> _scenariodefinitionmeta.py => [_fastpath.py]
INFO     <02>         _scenarioevents.py => [_enumutils.py]
INFO     <02>            _stepmethods.py => [_fastpath.py]
INFO     <02>     _stepspecifications.py => [_fastpath.py]
INFO     <01>              _configkey.py => []
INFO     <01>            _configtypes.py => []
INFO     <01>           _consoleutils.py => []
INFO     <01>             _debugutils.py => []
INFO     <01>              _enumutils.py => []
INFO     <01>               _fastpath.py => []
INFO     <01>            _loggingargs.py => []
INFO     <01>         _loggingcontext.py => []
INFO     <01>             _loghandler.py => []
INFO     <01>                _pkginfo.py => []
INFO     <01>               _reqblobj.py => []
INFO     <01>               _reqtypes.py => []
INFO     <01>               _setutils.py => []
INFO     <01>          _textfileutils.py => []
INFO     <01>              _textutils.py => []
INFO     <01>          _timezoneutils.py => []
INFO     <01>            _typeexports.py => []
INFO     <01>              _typeutils.py => []
