SCENARIO 'demo/commutativeaddition.py'
------------------------------------------------
  TITLE: Commutative addition
  DESCRIPTION: Addition of two members, swapping orders.


STEP#1: Initial conditions (demo/commutativeaddition.py:20:CommutativeAddition.step000)
------------------------------------------------
    ACTION: Let a = 1, and b = 3
  EVIDENCE:   -> a = 1
  EVIDENCE:   -> b = 3

STEP#2: a + b (demo/commutativeaddition.py:27:CommutativeAddition.step010)
------------------------------------------------
    ACTION: Compute (a + b) and store the result as result1.
  EVIDENCE:   -> result1 = 4

STEP#3: b + a (demo/commutativeaddition.py:34:CommutativeAddition.step020)
------------------------------------------------
    ACTION: Compute (b + a) and store the result as result2.
  EVIDENCE:   -> result2 = 4

STEP#4: Check (demo/commutativeaddition.py:41:CommutativeAddition.step030)
------------------------------------------------
    ACTION: Compare result1 and result2.
    RESULT: result1 and result2 are the same.
  EVIDENCE:   -> 4 == 4

END OF 'demo/commutativeaddition.py'
------------------------------------------------
             Status: SUCCESS
    Number of STEPs: 4/4
  Number of ACTIONs: 4/4
  Number of RESULTs: 1/1
               Time: HH:MM:SS.mmmmmm

SCENARIO 'demo/loggingdemo.py'
------------------------------------------------
  TITLE: Logging demo
  DESCRIPTION: Demonstrate logging facilities.


STEP#1: Logging with the main logger (demo/loggingdemo.py:24:LoggingScenario.step010)
------------------------------------------------
    ACTION: Log messages of different log levels with the main logger.
              ERROR    This is an error!!!
              WARNING  This is a warning!
              INFO     This is information.
              DEBUG    This is debug.

STEP#2: Logging with the scenario instance (demo/loggingdemo.py:33:LoggingScenario.step020)
------------------------------------------------
    ACTION: Log messages of different log levels with the scenario itself.
              ERROR    [demo/loggingdemo.py] This is an error!!!
              WARNING  [demo/loggingdemo.py] This is a warning!
              INFO     [demo/loggingdemo.py] This is information.
              DEBUG    [demo/loggingdemo.py] (This is debug.)

STEP#3: Logging with a class logger (demo/loggingdemo.py:42:LoggingScenario.step030)
------------------------------------------------
    ACTION: Log messages of different log levels with the class logger instance.
              ERROR    [My logger] This is an error!!!
              WARNING  [My logger] This is a warning!
              INFO     [My logger] This is information.
    ACTION: Activate debugging for the class logger instance.
    ACTION: Log a debug message again with the class logger instance.
              DEBUG    [My logger] (This is debug again.)

STEP#4: Class logger indentation (demo/loggingdemo.py:57:LoggingScenario.step110)
------------------------------------------------
    ACTION: Enable debugging with the class logger, and log something with it.
              INFO     [My logger] Hello
    ACTION: Push indentation to the class logger.
    ACTION: Log something with the class logger.
              INFO     [My logger]     Hello
    ACTION: Push indentation to the class logger.
    ACTION: Log something with the class logger.
              INFO     [My logger]         Hello
    ACTION: Push indentation to the class logger.
    ACTION: Log something with the class logger.
              INFO     [My logger]             Hello
    ACTION: Pop indentation from the class logger.
    ACTION: Log something with the class logger.
              INFO     [My logger]         Hello
    ACTION: Reset the class logger indentation.
    ACTION: Log something with the class logger.
              INFO     [My logger] Hello

STEP#5: Main logger indentation (demo/loggingdemo.py:79:LoggingScenario.step120)
------------------------------------------------
    ACTION: Retrieve results.
    RESULT: Results contain 2 keys:
  EVIDENCE:   -> Length of {'a': [0], 'b': [1, 2, 3, 4]} is 2
    RESULT: - Key 'a', with 1 values:
  EVIDENCE:   -> Length of [0] is 1
    RESULT:   - Value #1 is 0
  EVIDENCE:     -> 0 == 0
    RESULT: - Key 'b', with 4 values:
  EVIDENCE:   -> Length of [1, 2, 3, 4] is 4
    RESULT:   - Value #1 is 1
  EVIDENCE:     -> 1 == 1
    RESULT:   - Value #2 is 2
  EVIDENCE:     -> 2 == 2
    RESULT:   - Value #3 is 3
  EVIDENCE:     -> 3 == 3
    RESULT:   - Value #4 is 4
  EVIDENCE:     -> 4 == 4

END OF 'demo/loggingdemo.py'
------------------------------------------------
             Status: SUCCESS
    Number of STEPs: 5/5
  Number of ACTIONs: 17/17
  Number of RESULTs: 8/8
               Time: HH:MM:SS.mmmmmm

------------------------------------------------
INFO     TOTAL                                  Status      Steps    Actions    Results    Time               Title
INFO     2 tests, 0 failed, 0 with warnings                   9/9      21/21        9/9    HH:MM:SS.mmmmmm
------------------------------------------------
INFO     demo/commutativeaddition.py           SUCCESS        4/4        4/4        1/1    HH:MM:SS.mmmmmm    Commutative addition
INFO     demo/loggingdemo.py                   SUCCESS        5/5      17/17        8/8    HH:MM:SS.mmmmmm    Logging demo
