SCENARIO 'demo/loggingdemo.py'
------------------------------------------------
  TITLE: Logging demo
  DESCRIPTION: Demonstrate logging facilities.


STEP#1: Logging with the main logger (demo/loggingdemo.py:24:LoggingScenario.step010)
------------------------------------------------
    ACTION: Log messages of different log levels with the main logger.
              ERROR    This is an error!!!
              WARNING  This is a warning!
              INFO     This is information.
              DEBUG    This is debug.

STEP#2: Logging with the scenario instance (demo/loggingdemo.py:33:LoggingScenario.step020)
------------------------------------------------
    ACTION: Log messages of different log levels with the scenario itself.
              ERROR    [demo/loggingdemo.py] This is an error!!!
              WARNING  [demo/loggingdemo.py] This is a warning!
              INFO     [demo/loggingdemo.py] This is information.
              DEBUG    [demo/loggingdemo.py] (This is debug.)

STEP#3: Logging with a class logger (demo/loggingdemo.py:42:LoggingScenario.step030)
------------------------------------------------
    ACTION: Log messages of different log levels with the class logger instance.
              ERROR    [My logger] This is an error!!!
              WARNING  [My logger] This is a warning!
              INFO     [My logger] This is information.
    ACTION: Activate debugging for the class logger instance.
    ACTION: Log a debug message again with the class logger instance.
              DEBUG    [My logger] (This is debug again.)

STEP#4: Class logger indentation (demo/loggingdemo.py:57:LoggingScenario.step110)
------------------------------------------------
    ACTION: Enable debugging with the class logger, and log something with it.
              INFO     [My logger] Hello
    ACTION: Push indentation to the class logger.
    ACTION: Log something with the class logger.
              INFO     [My logger]     Hello
    ACTION: Push indentation to the class logger.
    ACTION: Log something with the class logger.
              INFO     [My logger]         Hello
    ACTION: Push indentation to the class logger.
    ACTION: Log something with the class logger.
              INFO     [My logger]             Hello
    ACTION: Pop indentation from the class logger.
    ACTION: Log something with the class logger.
              INFO     [My logger]         Hello
    ACTION: Reset the class logger indentation.
    ACTION: Log something with the class logger.
              INFO     [My logger] Hello

STEP#5: Main logger indentation (demo/loggingdemo.py:79:LoggingScenario.step120)
------------------------------------------------
    ACTION: Retrieve results.
    RESULT: Results contain 2 keys:
  EVIDENCE:   -> Length of {'a': [0], 'b': [1, 2, 3, 4]} is 2
    RESULT: - Key 'a', with 1 values:
  EVIDENCE:   -> Length of [0] is 1
    RESULT:   - Value #1 is 0
  EVIDENCE:     -> 0 == 0
    RESULT: - Key 'b', with 4 values:
  EVIDENCE:   -> Length of [1, 2, 3, 4] is 4
    RESULT:   - Value #1 is 1
  EVIDENCE:     -> 1 == 1
    RESULT:   - Value #2 is 2
  EVIDENCE:     -> 2 == 2
    RESULT:   - Value #3 is 3
  EVIDENCE:     -> 3 == 3
    RESULT:   - Value #4 is 4
  EVIDENCE:     -> 4 == 4

END OF 'demo/loggingdemo.py'
------------------------------------------------
             Status: SUCCESS
    Number of STEPs: 5/5
  Number of ACTIONs: 17/17
  Number of RESULTs: 8/8
               Time: HH:MM:SS.mmmmmm
